<html>
<body>
<pre>
<h1>µVision Build Log</h1>
<h2>Tool Versions:</h2>
IDE-Version: ¦ÌVision V5.37.0.0
Copyright (C) 2022 ARM Ltd and ARM Germany GmbH. All rights reserved.
License Information: 1 king, 1, LIC=X96CK-Z1RKD-Z9YG9-4BDRV-UQX6X-GR0UY
 
Tool Versions:
Toolchain:       MDK-ARM Plus  Version: 5.37.0.0
Toolchain Path:  D:\Keil\ARM\ARMCLANG\Bin
C Compiler:      ArmClang.exe V6.18
Assembler:       Armasm.exe V6.18
Linker/Locator:  ArmLink.exe V6.18
Library Manager: ArmAr.exe V6.18
Hex Converter:   FromElf.exe V6.18
CPU DLL:         
Dialog DLL:      
Target DLL:      CMSIS_AGDI_V8M.DLL V1.7.17.0
Dialog DLL:      TCM.DLL V1.56.1.0
 
<h2>Project:</h2>
D:\king\MM32\MM32F5\mdk\project.uvprojx
Project File Date:  08/05/2022

<h2>Output:</h2>
*** Using Compiler 'V6.18', folder: 'D:\Keil\ARM\ARMCLANG\Bin'
Build target 'Target 1'
compiling main.c...
linking...
Program Size: Code=30918 RO-data=2650 RW-data=8 ZI-data=4540  
".\Objects\project.axf" - 0 Error(s), 0 Warning(s).

<h2>Software Packages used:</h2>

Package Vendor: MindMotion
                http://www.mindmotion.com.cn/Download/MDK_KEIL/MindMotion.MM32F5277E_DFP.0.0.5.pack
                MindMotion.MM32F5277E_DFP.0.0.5
                MindMotion MM32F5270 Series Device Support, Drivers and Examples

<h2>Collection of Component include folders:</h2>
  D:/Keil/Packs/MindMotion/MM32F5277E_DFP/0.0.5/Device/MM32F527x/Include

<h2>Collection of Component Files used:</h2>
Build Time Elapsed:  00:00:00
</pre>
</body>
</html>
