<html>
<body>
<pre>
<h1>µVision Build Log</h1>
<h2>Tool Versions:</h2>
IDE-Version: ¦ÌVision V5.37.0.0
Copyright (C) 2022 ARM Ltd and ARM Germany GmbH. All rights reserved.
License Information: 1 king, 1, LIC=X96CK-Z1RKD-Z9YG9-4BDRV-UQX6X-GR0UY
 
Tool Versions:
Toolchain:       MDK-ARM Plus  Version: 5.37.0.0
Toolchain Path:  D:\Keil\ARM\ARMCLANG\Bin
C Compiler:      ArmClang.exe V6.18
Assembler:       Armasm.exe V6.18
Linker/Locator:  ArmLink.exe V6.18
Library Manager: ArmAr.exe V6.18
Hex Converter:   FromElf.exe V6.18
CPU DLL:         
Dialog DLL:      
Target DLL:      CMSIS_AGDI_V8M.DLL V1.7.17.0
Dialog DLL:      TCM.DLL V1.56.1.0
 
<h2>Project:</h2>
D:\king\MM32\MM32F5\mdk\project.uvprojx
Project File Date:  08/07/2022

<h2>Output:</h2>
*** Using Compiler 'V6.18', folder: 'D:\Keil\ARM\ARMCLANG\Bin'
Build target 'Target 1'
compiling mp3.c...
compiling board_it.c...
compiling clock_init.c...
compiling sdspi_port.c...
compiling scheduler.c...
compiling hal_flexcan.c...
compiling hal_adc.c...
compiling hal_exti.c...
compiling hal_crc.c...
compiling pin_init.c...
compiling hal_dma.c...
compiling board_init.c...
compiling hal_dac.c...
compiling hal_comp.c...
compiling hal_gpio.c...
compiling hal_fsmc.c...
compiling hal_i2c.c...
compiling hal_syscfg.c...
compiling hal_lpuart.c...
compiling hal_iwdg.c...
compiling main.c...
compiling hal_wwdg.c...
compiling hal_power.c...
compiling hal_lptim.c...
compiling hal_pwr.c...
compiling hal_spi.c...
compiling hal_rtc.c...
compiling hal_usb.c...
compiling hal_tim.c...
compiling hal_qspi.c...
compiling hal_mds.c...
compiling hal_uart.c...
compiling hal_rcc.c...
linking...
../device/mdk/linker/mm32f5277e_flash.scf(26): warning: L6329W: Pattern *(.RAM_D1) only matches removed unused sections.
../device/mdk/linker/mm32f5277e_flash.scf(30): warning: L6314W: No section matches pattern *(.RAM_D2).
Program Size: Code=31606 RO-data=2906 RW-data=88 ZI-data=4872  
Finished: 0 information, 2 warning and 0 error messages.
".\Objects\project.axf" - 0 Error(s), 2 Warning(s).

<h2>Software Packages used:</h2>

Package Vendor: MindMotion
                http://www.mindmotion.com.cn/Download/MDK_KEIL/MindMotion.MM32F5277E_DFP.0.0.5.pack
                MindMotion.MM32F5277E_DFP.0.0.5
                MindMotion MM32F5270 Series Device Support, Drivers and Examples

<h2>Collection of Component include folders:</h2>
  D:/Keil/Packs/MindMotion/MM32F5277E_DFP/0.0.5/Device/MM32F527x/Include

<h2>Collection of Component Files used:</h2>
Build Time Elapsed:  00:00:03
</pre>
</body>
</html>
